loading convaiinnovations/laya-multilingual ...
Fetching 5 files:   0%|          | 0/5 [00:00<?, ?it/s]Fetching 5 files: 100%|██████████| 5/5 [00:00<00:00, 2649.93it/s]
device=mps  encoding=numeric
train obstacle mix: cactus_small=23.2%  cactus_large=22.5%  pterodactyl@0=18.8%  pterodactyl@25=18.7%  pterodactyl@50=15.0%  none=1.9%
train=100000  calib=4000  test=4000
tokens/row: 72 avg, 74 max
trainable: 15.0M / 321.9M params (4.7%)
positives=53147/100000 (53.1%)  class_weight=[1.0, 1.0]

baseline (before training):
  acc=0.481  recall=0.482  ece=0.179
  ep0 step100/18750 loss=0.8000 (79 rows/s)
  ep0 step200/18750 loss=0.6911 (79 rows/s)
  ep0 step300/18750 loss=0.6668 (79 rows/s)
  ep0 step400/18750 loss=0.6278 (79 rows/s)
  ep0 step500/18750 loss=0.5620 (79 rows/s)
  ep0 step600/18750 loss=0.5068 (79 rows/s)
  ep0 step700/18750 loss=0.4921 (79 rows/s)
  ep0 step800/18750 loss=0.4912 (79 rows/s)
  ep0 step900/18750 loss=0.4154 (79 rows/s)
  ep0 step1000/18750 loss=0.3893 (79 rows/s)
  ep0 step1100/18750 loss=0.3674 (79 rows/s)
  ep0 step1200/18750 loss=0.3249 (79 rows/s)
  ep0 step1300/18750 loss=0.3089 (79 rows/s)
  ep0 step1400/18750 loss=0.2901 (79 rows/s)
  ep0 step1500/18750 loss=0.2988 (79 rows/s)
  ep0 step1600/18750 loss=0.2910 (79 rows/s)
  ep0 step1700/18750 loss=0.2562 (79 rows/s)
  ep0 step1800/18750 loss=0.2982 (79 rows/s)
  ep0 step1900/18750 loss=0.2699 (79 rows/s)
  ep0 step2000/18750 loss=0.2596 (79 rows/s)
  ep0 step2100/18750 loss=0.2520 (79 rows/s)
  ep0 step2200/18750 loss=0.2348 (79 rows/s)
  ep0 step2300/18750 loss=0.2137 (79 rows/s)
  ep0 step2400/18750 loss=0.2280 (79 rows/s)
  ep0 step2500/18750 loss=0.2275 (79 rows/s)
  ep0 step2600/18750 loss=0.2086 (79 rows/s)
  ep0 step2700/18750 loss=0.2072 (79 rows/s)
  ep0 step2800/18750 loss=0.2014 (79 rows/s)
  ep0 step2900/18750 loss=0.1815 (79 rows/s)
  ep0 step3000/18750 loss=0.1928 (79 rows/s)
  ep0 step3100/18750 loss=0.1812 (79 rows/s)
  ep0 step3200/18750 loss=0.1773 (79 rows/s)
  ep0 step3300/18750 loss=0.2104 (79 rows/s)
  ep0 step3400/18750 loss=0.1716 (79 rows/s)
  ep0 step3500/18750 loss=0.1898 (79 rows/s)
  ep0 step3600/18750 loss=0.2021 (79 rows/s)
  ep0 step3700/18750 loss=0.1750 (79 rows/s)
  ep0 step3800/18750 loss=0.1789 (79 rows/s)
  ep0 step3900/18750 loss=0.1523 (79 rows/s)
  ep0 step4000/18750 loss=0.1544 (79 rows/s)
  ep0 step4100/18750 loss=0.1561 (79 rows/s)
  ep0 step4200/18750 loss=0.1732 (79 rows/s)
  ep0 step4300/18750 loss=0.1514 (79 rows/s)
  ep0 step4400/18750 loss=0.1736 (79 rows/s)
  ep0 step4500/18750 loss=0.1669 (79 rows/s)
  ep0 step4600/18750 loss=0.1699 (79 rows/s)
  ep0 step4700/18750 loss=0.1439 (79 rows/s)
  ep0 step4800/18750 loss=0.1472 (79 rows/s)
  ep0 step4900/18750 loss=0.1483 (79 rows/s)
  ep0 step5000/18750 loss=0.1316 (79 rows/s)
  ep0 step5100/18750 loss=0.1346 (79 rows/s)
  ep0 step5200/18750 loss=0.1296 (79 rows/s)
  ep0 step5300/18750 loss=0.1505 (79 rows/s)
  ep0 step5400/18750 loss=0.1346 (79 rows/s)
  ep0 step5500/18750 loss=0.1209 (79 rows/s)
  ep0 step5600/18750 loss=0.1560 (79 rows/s)
  ep0 step5700/18750 loss=0.1306 (79 rows/s)
  ep0 step5800/18750 loss=0.1312 (79 rows/s)
  ep0 step5900/18750 loss=0.1238 (79 rows/s)
  ep0 step6000/18750 loss=0.1216 (79 rows/s)
  ep0 step6100/18750 loss=0.1593 (79 rows/s)
  ep0 step6200/18750 loss=0.1071 (79 rows/s)
epoch 0: acc=0.956 recall=0.949 precision=0.980 ece=0.014
  ep1 step6300/18750 loss=0.0482 (77 rows/s)
  ep1 step6400/18750 loss=0.1160 (77 rows/s)
  ep1 step6500/18750 loss=0.1286 (77 rows/s)
  ep1 step6600/18750 loss=0.1241 (77 rows/s)
  ep1 step6700/18750 loss=0.1196 (77 rows/s)
  ep1 step6800/18750 loss=0.1176 (77 rows/s)
  ep1 step6900/18750 loss=0.1133 (77 rows/s)
  ep1 step7000/18750 loss=0.1186 (77 rows/s)
  ep1 step7100/18750 loss=0.1043 (77 rows/s)
  ep1 step7200/18750 loss=0.1109 (77 rows/s)
  ep1 step7300/18750 loss=0.0913 (77 rows/s)
  ep1 step7400/18750 loss=0.1216 (77 rows/s)
  ep1 step7500/18750 loss=0.0875 (77 rows/s)
  ep1 step7600/18750 loss=0.1035 (77 rows/s)
  ep1 step7700/18750 loss=0.1026 (77 rows/s)
  ep1 step7800/18750 loss=0.0975 (77 rows/s)
  ep1 step7900/18750 loss=0.1152 (77 rows/s)
  ep1 step8000/18750 loss=0.0972 (77 rows/s)
  ep1 step8100/18750 loss=0.0984 (77 rows/s)
  ep1 step8200/18750 loss=0.1033 (77 rows/s)
  ep1 step8300/18750 loss=0.1079 (77 rows/s)
  ep1 step8400/18750 loss=0.0855 (77 rows/s)
  ep1 step8500/18750 loss=0.1336 (77 rows/s)
  ep1 step8600/18750 loss=0.1165 (77 rows/s)
  ep1 step8700/18750 loss=0.0990 (77 rows/s)
  ep1 step8800/18750 loss=0.1099 (77 rows/s)
  ep1 step8900/18750 loss=0.1006 (77 rows/s)
  ep1 step9000/18750 loss=0.1020 (77 rows/s)
  ep1 step9100/18750 loss=0.1212 (77 rows/s)
  ep1 step9200/18750 loss=0.1004 (77 rows/s)
  ep1 step9300/18750 loss=0.0805 (77 rows/s)
  ep1 step9400/18750 loss=0.0933 (77 rows/s)
  ep1 step9500/18750 loss=0.0885 (77 rows/s)
  ep1 step9600/18750 loss=0.1048 (77 rows/s)
  ep1 step9700/18750 loss=0.0832 (77 rows/s)
  ep1 step9800/18750 loss=0.1114 (78 rows/s)
  ep1 step9900/18750 loss=0.1015 (78 rows/s)
  ep1 step10000/18750 loss=0.0857 (78 rows/s)
  ep1 step10100/18750 loss=0.0725 (78 rows/s)
  ep1 step10200/18750 loss=0.0910 (78 rows/s)
  ep1 step10300/18750 loss=0.0835 (78 rows/s)
  ep1 step10400/18750 loss=0.0644 (77 rows/s)
  ep1 step10500/18750 loss=0.0716 (76 rows/s)
  ep1 step10600/18750 loss=0.0865 (75 rows/s)
  ep1 step10700/18750 loss=0.0934 (75 rows/s)
  ep1 step10800/18750 loss=0.0883 (74 rows/s)
  ep1 step10900/18750 loss=0.0905 (73 rows/s)
  ep1 step11000/18750 loss=0.0835 (72 rows/s)
  ep1 step11100/18750 loss=0.0741 (72 rows/s)
  ep1 step11200/18750 loss=0.0790 (71 rows/s)
  ep1 step11300/18750 loss=0.0878 (70 rows/s)
  ep1 step11400/18750 loss=0.0854 (70 rows/s)
  ep1 step11500/18750 loss=0.0757 (69 rows/s)
  ep1 step11600/18750 loss=0.0753 (68 rows/s)
  ep1 step11700/18750 loss=0.0666 (68 rows/s)
  ep1 step11800/18750 loss=0.0977 (67 rows/s)
  ep1 step11900/18750 loss=0.0773 (67 rows/s)
  ep1 step12000/18750 loss=0.0781 (66 rows/s)
  ep1 step12100/18750 loss=0.0837 (66 rows/s)
  ep1 step12200/18750 loss=0.0825 (65 rows/s)
  ep1 step12300/18750 loss=0.0679 (65 rows/s)
  ep1 step12400/18750 loss=0.0937 (64 rows/s)
  ep1 step12500/18750 loss=0.0731 (64 rows/s)
epoch 1: acc=0.980 recall=0.983 precision=0.985 ece=0.007
  ep2 step12600/18750 loss=0.0683 (7 rows/s)
  ep2 step12700/18750 loss=0.0932 (7 rows/s)
  ep2 step12800/18750 loss=0.0493 (7 rows/s)
  ep2 step12900/18750 loss=0.0852 (8 rows/s)
  ep2 step13000/18750 loss=0.0737 (8 rows/s)
  ep2 step13100/18750 loss=0.0757 (8 rows/s)
  ep2 step13200/18750 loss=0.0683 (8 rows/s)
  ep2 step13300/18750 loss=0.0548 (8 rows/s)
  ep2 step13400/18750 loss=0.0759 (8 rows/s)
  ep2 step13500/18750 loss=0.0578 (8 rows/s)
  ep2 step13600/18750 loss=0.0603 (8 rows/s)
  ep2 step13700/18750 loss=0.0686 (8 rows/s)
  ep2 step13800/18750 loss=0.0703 (8 rows/s)
  ep2 step13900/18750 loss=0.0515 (8 rows/s)
  ep2 step14000/18750 loss=0.0873 (8 rows/s)
  ep2 step14100/18750 loss=0.0581 (8 rows/s)
  ep2 step14200/18750 loss=0.0570 (8 rows/s)
  ep2 step14300/18750 loss=0.0431 (8 rows/s)
  ep2 step14400/18750 loss=0.0657 (8 rows/s)
  ep2 step14500/18750 loss=0.0483 (8 rows/s)
  ep2 step14600/18750 loss=0.0464 (8 rows/s)
  ep2 step14700/18750 loss=0.0628 (8 rows/s)
  ep2 step14800/18750 loss=0.0695 (8 rows/s)
  ep2 step14900/18750 loss=0.0621 (9 rows/s)
  ep2 step15000/18750 loss=0.0701 (9 rows/s)
  ep2 step15100/18750 loss=0.0533 (9 rows/s)
  ep2 step15200/18750 loss=0.0649 (9 rows/s)
  ep2 step15300/18750 loss=0.0745 (9 rows/s)
  ep2 step15400/18750 loss=0.0670 (9 rows/s)
  ep2 step15500/18750 loss=0.0649 (9 rows/s)
  ep2 step15600/18750 loss=0.0599 (9 rows/s)
  ep2 step15700/18750 loss=0.0689 (9 rows/s)
  ep2 step15800/18750 loss=0.0645 (9 rows/s)
  ep2 step15900/18750 loss=0.0340 (9 rows/s)
  ep2 step16000/18750 loss=0.0766 (9 rows/s)
  ep2 step16100/18750 loss=0.0582 (9 rows/s)
  ep2 step16200/18750 loss=0.0590 (9 rows/s)
  ep2 step16300/18750 loss=0.0572 (9 rows/s)
  ep2 step16400/18750 loss=0.0475 (9 rows/s)
  ep2 step16500/18750 loss=0.0821 (9 rows/s)
  ep2 step16600/18750 loss=0.0575 (9 rows/s)
  ep2 step16700/18750 loss=0.0676 (9 rows/s)
  ep2 step16800/18750 loss=0.0525 (9 rows/s)
  ep2 step16900/18750 loss=0.0971 (10 rows/s)
  ep2 step17000/18750 loss=0.0752 (10 rows/s)
  ep2 step17100/18750 loss=0.0482 (10 rows/s)
  ep2 step17200/18750 loss=0.0428 (10 rows/s)
  ep2 step17300/18750 loss=0.0420 (10 rows/s)
  ep2 step17400/18750 loss=0.0649 (10 rows/s)
  ep2 step17500/18750 loss=0.0373 (10 rows/s)
  ep2 step17600/18750 loss=0.0441 (10 rows/s)
  ep2 step17700/18750 loss=0.0625 (10 rows/s)
  ep2 step17800/18750 loss=0.0490 (10 rows/s)
  ep2 step17900/18750 loss=0.0466 (10 rows/s)
  ep2 step18000/18750 loss=0.0494 (10 rows/s)
  ep2 step18100/18750 loss=0.0550 (10 rows/s)
  ep2 step18200/18750 loss=0.0465 (10 rows/s)
  ep2 step18300/18750 loss=0.0678 (10 rows/s)
  ep2 step18400/18750 loss=0.0448 (10 rows/s)
  ep2 step18500/18750 loss=0.0689 (10 rows/s)
  ep2 step18600/18750 loss=0.0628 (10 rows/s)
  ep2 step18700/18750 loss=0.0604 (10 rows/s)
epoch 2: acc=0.982 recall=0.979 precision=0.991 ece=0.009

fitted temperature: 1.874
ECE  before=0.0091  after=0.0056
acc  before=0.9818  after=0.9818  (temperature cannot change argmax; acc should be identical)
saved -> checkpoints/dino_head_numeric.pt
